C:\Users\mark_\Data\Google\Interview Prep\Golang\learngo\03-packages-and-scopes\02-scopes\02-block-scope>type main.go
// Copyright ┬⌐ 2018 Inanc Gumus
// Learn Go Programming Course
// License: https://creativecommons.org/licenses/by-nc-sa/4.0/
//
// For more tutorials  : https://learngoprogramming.com
// In-person training  : https://www.linkedin.com/in/inancgumus/
// Follow me on twitter: https://twitter.com/inancgumus

package main

import "fmt"

func nope() { // block scope starts

        // hello and ok are only visible here
        const ok = true
        var hello = "Hello"

        _ = hello
} // block scope ends

func main() { // block scope starts

        // hello and ok are not visible here
        // even if I call the function, they are still locked in the scope
        // of that function
        nope()

        // ERROR:
        fmt.Println(hello, ok)

} // block scope ends

C:\Users\mark_\Data\Google\Interview Prep\Golang\learngo\03-packages-and-scopes\02-scopes\02-block-scope>go run main.go
# command-line-arguments
.\main.go:30:14: undefined: hello
.\main.go:30:21: undefined: ok

C:\Users\mark_\Data\Google\Interview Prep\Golang\learngo\03-packages-and-scopes\02-scopes\02-block-scope>mkdir TryIt

C:\Users\mark_\Data\Google\Interview Prep\Golang\learngo\03-packages-and-scopes\02-scopes\02-block-scope>cd TryIt

C:\Users\mark_\Data\Google\Interview Prep\Golang\learngo\03-packages-and-scopes\02-scopes\02-block-scope\TryIt>copy ..\main.go .
        1 file(s) copied.

C:\Users\mark_\Data\Google\Interview Prep\Golang\learngo\03-packages-and-scopes\02-scopes\02-block-scope\TryIt>type main.go
// Copyright ┬⌐ 2018 Inanc Gumus
// Learn Go Programming Course
// License: https://creativecommons.org/licenses/by-nc-sa/4.0/
//
// For more tutorials  : https://learngoprogramming.com
// In-person training  : https://www.linkedin.com/in/inancgumus/
// Follow me on twitter: https://twitter.com/inancgumus

package main

import "fmt"

func nope() { // block scope starts

        // hello and ok are only visible here
        const ok = true
        var hello = "Hello"

        _ = hello
} // block scope ends

func main() { // block scope starts

        // hello and ok are not visible here
        // even if I call the function, they are still locked in the scope
        // of that function
        nope()

        // ERROR:
        fmt.Println(hello, ok)

} // block scope ends

C:\Users\mark_\Data\Google\Interview Prep\Golang\learngo\03-packages-and-scopes\02-scopes\02-block-scope\TryIt>notepad main.go

C:\Users\mark_\Data\Google\Interview Prep\Golang\learngo\03-packages-and-scopes\02-scopes\02-block-scope\TryIt>type main.go
// Copyright ┬⌐ 2018 Inanc Gumus
// Learn Go Programming Course
// License: https://creativecommons.org/licenses/by-nc-sa/4.0/
//
// For more tutorials  : https://learngoprogramming.com
// In-person training  : https://www.linkedin.com/in/inancgumus/
// Follow me on twitter: https://twitter.com/inancgumus

package main

import "fmt"

func nope() { // block scope starts

        // hello and ok are only visible here
        const ok = true
        var hello = "Hello"

        _ = hello
        fmt.Println(hello, ok)
} // block scope ends

func main() { // block scope starts

        // hello and ok are not visible here
        // even if I call the function, they are still locked in the scope
        // of that function
        nope()

        // ERROR:
        // fmt.Println(hello, ok)

} // block scope ends

C:\Users\mark_\Data\Google\Interview Prep\Golang\learngo\03-packages-and-scopes\02-scopes\02-block-scope\TryIt>go run main.go
Hello true

C:\Users\mark_\Data\Google\Interview Prep\Golang\learngo\03-packages-and-scopes\02-scopes\02-block-scope\TryIt>