marky@marky-MS-7B24:~/Data/learngo/04-statements-expressions-comments/01-statements/01-execution-flow$ vi main.go 
marky@marky-MS-7B24:~/Data/learngo/04-statements-expressions-comments/01-statements/01-execution-flow$ go run main.go 
Hello!
bigger
marky@marky-MS-7B24:~/Data/learngo/04-statements-expressions-comments/01-statements/01-execution-flow$ cat main.go 
// Copyright © 2018 Inanc Gumus
// Learn Go Programming Course
// License: https://creativecommons.org/licenses/by-nc-sa/4.0/
//
// For more tutorials  : https://learngoprogramming.com
// In-person training  : https://www.linkedin.com/in/inancgumus/
// Follow me on twitter: https://twitter.com/inancgumus

package main

import (
	"fmt"
)

func main() {
	fmt.Println("Hello!")

	// Statements change the execution flow
	// Especially the control flow statements like `if`
	if 5 > 1 {
		fmt.Println("bigger")
	}
}
marky@marky-MS-7B24:~/Data/learngo/04-statements-expressions-comments/01-statements/01-execution-flow$ 

arky@marky-MS-7B24:~/Data/learngo/04-statements-expressions-comments/01-statements/01-execution-flow$ vi main.go 
marky@marky-MS-7B24:~/Data/learngo/04-statements-expressions-comments/01-statements/01-execution-flow$ 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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marky@marky-MS-7B24:~/Data/learngo/04-statements-expressions-comments/01-statements/01-execution-flow$ vi main.go ^C
marky@marky-MS-7B24:~/Data/learngo/04-statements-expressions-comments/01-statements/01-execution-flow$ go run main.go 
Hello!
bigger
marky@marky-MS-7B24:~/Data/learngo/04-statements-expressions-comments/01-statements/01-execution-flow$ cat main.go
// Copyright © 2018 Inanc Gumus
// Learn Go Programming Course
// License: https://creativecommons.org/licenses/by-nc-sa/4.0/
//
// For more tutorials  : https://learngoprogramming.com
// In-person training  : https://www.linkedin.com/in/inancgumus/
// Follow me on twitter: https://twitter.com/inancgumus

package main

import (
	"fmt"
)

func main() {
	fmt.Println("Hello!")

	// Statements change the execution flow
	// Especially the control flow statements like `if`
	if 5 > 1 {
		fmt.Println("bigger")
	}
	if 1 > 5 {
		fmt.Println("and smaller... oh no not really")
	}
}
marky@marky-MS-7B24:~/Data/learngo/04-statements-expressions-comments/01-statements/01-execution-flow$ git commit -m "Try it for youself and add notes of learning and further research done."
On branch master
Your branch is up to date with 'origin/master'.

Changes not staged for commit:
  (use "git add <file>..." to update what will be committed)
  (use "git restore <file>..." to discard changes in working directory)
	modified:   main.go

no changes added to commit (use "git add" and/or "git commit -a")
marky@marky-MS-7B24:~/Data/learngo/04-statements-expressions-comments/01-statements/01-execution-flow$ git add main.go 
marky@marky-MS-7B24:~/Data/learngo/04-statements-expressions-comments/01-statements/01-execution-flow$ git commit -m "Try it for youself and add notes of learning and further research done."
[master bcba736] Try it for youself and add notes of learning and further research done.
 1 file changed, 3 insertions(+)
marky@marky-MS-7B24:~/Data/learngo/04-statements-expressions-comments/01-statements/01-execution-flow$ vi TryIt.txt 
marky@marky-MS-7B24:~/Data/learngo/04-statements-expressions-comments/01-statements/01-execution-flow$ 


